// Jest Snapshot v1, https://goo.gl/fbAQLP

exports[`Snapshot test show taskslist with tasks 1`] = `
<ul
  className="list-group"
>
  <li
    className="list-group-item"
  >
    <button
      className="btn btn-link text-break"
      onClick={[Function]}
    >
      test
    </button>
    <span
      className="badge badge-info"
    >
      0
    </span>
    <button
      aria-expanded="false"
      aria-haspopup="true"
      className="close ml-2"
      data-toggle="dropdown"
      id="dropdownMenuButton"
      type="button"
    >
      <span
        aria-hidden="true"
      >
        ⁝
      </span>
    </button>
    <div
      aria-labelledby="dropdownMenuButton"
      className="dropdown-menu"
    >
      <button
        className="dropdown-item"
        onClick={[Function]}
      >
        Edit
      </button>
      <div
        className="dropdown-divider"
      />
      <span
        className="dropdown-subheading"
      >
        Change Status
      </span>
      <button
        className="dropdown-item text-capitalize"
        disabled={false}
        onClick={[Function]}
      >
        onhold
      </button>
    </div>
    <button
      className="close"
      onClick={[Function]}
      type="button"
    >
      <span
        aria-hidden="true"
        className="delete-btn"
      >
        ×
      </span>
    </button>
  </li>
</ul>
`;

exports[`Snapshot test show taskslist without any tasks 1`] = `
<ul
  className="list-group"
>
  <span
    className="text-center text-muted"
  >
    No tasks 
    created
    .
  </span>
</ul>
`;
